// Jest Snapshot v1, https://goo.gl/fbAQLP

exports[`<TimeStepsInfo /> Create time step info elements 1`] = `
<div
  className="timesteps-container"
>
  <ul
    className="timesteps-list"
  >
    <li
      className="active"
      onClick={[Function]}
    >
      <span
        className="timestep-name"
      >
        11am
      </span>
      <span
        className="timestep-aqi"
      >
        AQI: 
        2
      </span>
    </li>
    <li
      className=""
      onClick={[Function]}
    >
      <span
        className="timestep-name"
      >
        12pm
      </span>
      <span
        className="timestep-aqi"
      >
        AQI: 
        3
      </span>
    </li>
    <li
      className=""
      onClick={[Function]}
    >
      <span
        className="timestep-name"
      >
        1pm
      </span>
      <span
        className="timestep-aqi"
      >
        AQI: 
        4
      </span>
    </li>
    <li
      className=""
      onClick={[Function]}
    >
      <span
        className="timestep-name"
      >
        2pm
      </span>
      <span
        className="timestep-aqi"
      >
        AQI: 
        5
      </span>
    </li>
    <li
      className=""
      onClick={[Function]}
    >
      <span
        className="timestep-name"
      >
        3pm
      </span>
      <span
        className="timestep-aqi"
      >
        AQI: 
        6
      </span>
    </li>
    <li
      className=""
      onClick={[Function]}
    >
      <span
        className="timestep-name"
      >
        4pm
      </span>
      <span
        className="timestep-aqi"
      >
        AQI: 
        7
      </span>
    </li>
    <li
      className=""
      onClick={[Function]}
    >
      <span
        className="timestep-name"
      >
        5pm
      </span>
      <span
        className="timestep-aqi"
      >
        AQI: 
        8
      </span>
    </li>
    <li
      className=""
      onClick={[Function]}
    >
      <span
        className="timestep-name"
      >
        6pm
      </span>
      <span
        className="timestep-aqi"
      >
        AQI: 
        9
      </span>
    </li>
    <li
      className=""
      onClick={[Function]}
    >
      <span
        className="timestep-name"
      >
        7pm
      </span>
      <span
        className="timestep-aqi"
      >
        AQI: 
        10
      </span>
    </li>
    <li
      className=""
      onClick={[Function]}
    >
      <span
        className="timestep-name"
      >
        8pm
      </span>
      <span
        className="timestep-aqi"
      >
        AQI: 
        11
      </span>
    </li>
    <li
      className=""
      onClick={[Function]}
    >
      <span
        className="timestep-name"
      >
        9pm
      </span>
      <span
        className="timestep-aqi"
      >
        AQI: 
        12
      </span>
    </li>
    <li
      className=""
      onClick={[Function]}
    >
      <span
        className="timestep-name"
      >
        10pm
      </span>
      <span
        className="timestep-aqi"
      >
        AQI: 
        11
      </span>
    </li>
    <div
      className="clear"
    />
  </ul>
</div>
`;
